CLASS
TYPEID
{
LET
OBJECTID
:
TYPEID
=
INT_CONST
;
OBJECTID
(
)
:
TYPEID
{
LET
OBJECTID
:
TYPEID
=
OBJECTID
RE
INT_CONST
;
RETURN
OBJECTID
;
}
;
}
;