CLASS
TYPEID
EXTENDS
TYPEID
{
LET
OBJECTID
:
TYPEID
=
INT_CONST
;
OBJECTID
(
OBJECTID
:
TYPEID
)
:
TYPEID
{
RETURN
OBJECTID
*
OBJECTID
;
}
;
}
;