CLASS
TYPEID
EXTENDS
TYPEID
{
LET
OBJECTID
:
TYPEID
=
STR_CONST
;
LET
OBJECTID
:
(
NEW
TYPEID
)
.
OBJECTID
(
)
;
}
;
CLASS
TYPEID
{
OBJECTID
(
)
:
TYPEID
{
RETURN
INT_CONST
;
}
;
}
;